30 50
WWWWWWWWWW                                   MMMMM
WWWWWW                                        mMMM
WWWWW              MMMM                      mmmMM
WWW              MMMMMMMM                     MMMM
                MMMMMMFFFFFF     FFF           mMM
                  MMM FF   FFF FFFFFF           mM
                     FFFFFFFFFFFF  FFF           m
                        FFFFFFFF    F
      MMM          WWW  
     MMMMMM      WWwWW
       MMMMM      WWwWW
         MMMM      WWW
          MMM      MWM
                  MMwM
                  MMwwM
    WWW        FFF MMwMMM  
   WWWWW      FF FFF MMMMMM
    WWWW       FFFF   MMMM
      w                mm            FFF
                                    FFF
                                     FFFFF
                                    FFFFF
                                     FFFFF
                                        FFFF
                  FFFFFF         FFF    
                    FFFFFFF     FFFFFF FF
         FFFF        FFFFFFFFFF     FFFFF FF
       FFFF         FFFFFFFF       FFFFF F FF
      FFFFFF         FFFFFFFFF         FFFFFFF
       FFFFFFF   FFFFFFFFFFFFFFFFFFFFFFFFFFFFFF
active
1
pressure_plate P 45 27 D 31 26
actors
5
orc 3 3
orc 4 4
rock 7 6
chest 38 28 HealingPotion HealingPotion MagicPotion
chest 7 7 HealingPotion HealingPotion MagicPotion
