30 50
WWWWWWWWWW                                   MMMMM
WWWWWW                                         MMM
WWWWW              MMMM                         MM
WWW              MMMMMMMM                     MMMM
                MMMMMMFFFFFF     FFF            MM
                  MMM FF   FFF FFFFFF            M
                     FFFFFFFFFFFF  FFF
                        FFFFFFFF    F
      MMM          WWW  
     MMMMMM      WWwWW
       MMMMM      WWwWW
         MMMM      WWW
          MMM      MWM
                  MMwM
                  MMwwM
    WWW        FFF MMwMMM  
   WWWWW      FF FFF MMMMMM
    WWWW       FFFF   MMMM
      w                              FFF
                                    FFF
                                     FFFFF
                                    FFFFF
                                     FFFFF
                                        FFFF
                  FFFFFF         FFF
                    FFFFFFF       FFFF FF
         FFFF        FFFFFFFFF      FFFFF FF
       FFFF         FFFFFFFF       FFFFF F FF
      FFFFFF         FFFFFFFFF         FFFFFFF
       FFFFFFF   FFFFFFFFFFFFFFF  FFFFFFFFFFFFF
active 
1
pressure_plate P 5 5 D 6 6
